// Jest Snapshot v1, https://goo.gl/fbAQLP

exports[`Hook - useTableData transforms data from 500 posts 1`] = `
Array [
  Object {
    "accessor": "0",
  },
  Object {
    "accessor": "1",
  },
  Object {
    "accessor": "2",
  },
  Object {
    "accessor": "3",
  },
  Object {
    "accessor": "4",
  },
  Object {
    "accessor": "5",
  },
  Object {
    "accessor": "6",
  },
  Object {
    "accessor": "7",
  },
  Object {
    "accessor": "8",
  },
  Object {
    "accessor": "9",
  },
  Object {
    "accessor": "10",
  },
  Object {
    "accessor": "11",
  },
  Object {
    "accessor": "12",
  },
  Object {
    "accessor": "13",
  },
  Object {
    "accessor": "14",
  },
  Object {
    "accessor": "15",
  },
  Object {
    "accessor": "16",
  },
  Object {
    "accessor": "17",
  },
  Object {
    "accessor": "18",
  },
  Object {
    "accessor": "19",
  },
  Object {
    "accessor": "20",
  },
  Object {
    "accessor": "21",
  },
  Object {
    "accessor": "22",
  },
  Object {
    "accessor": "23",
  },
]
`;

exports[`Hook - useTableData transforms data from 500 posts 2`] = `
Array [
  Object {
    "0": 2,
    "1": 1,
    "10": 6,
    "11": 3,
    "12": 6,
    "13": 4,
    "14": 3,
    "15": 5,
    "16": 3,
    "17": 1,
    "18": 3,
    "19": 4,
    "2": 2,
    "20": 1,
    "21": 0,
    "22": 3,
    "23": 4,
    "3": 1,
    "4": 1,
    "5": 3,
    "6": 4,
    "7": 1,
    "8": 0,
    "9": 4,
  },
  Object {
    "0": 0,
    "1": 3,
    "10": 7,
    "11": 8,
    "12": 4,
    "13": 6,
    "14": 2,
    "15": 4,
    "16": 6,
    "17": 5,
    "18": 2,
    "19": 1,
    "2": 0,
    "20": 2,
    "21": 0,
    "22": 1,
    "23": 2,
    "3": 3,
    "4": 1,
    "5": 1,
    "6": 2,
    "7": 4,
    "8": 1,
    "9": 8,
  },
  Object {
    "0": 1,
    "1": 1,
    "10": 2,
    "11": 12,
    "12": 4,
    "13": 4,
    "14": 4,
    "15": 4,
    "16": 5,
    "17": 2,
    "18": 1,
    "19": 0,
    "2": 4,
    "20": 0,
    "21": 3,
    "22": 0,
    "23": 2,
    "3": 4,
    "4": 2,
    "5": 4,
    "6": 2,
    "7": 4,
    "8": 6,
    "9": 5,
  },
  Object {
    "0": 3,
    "1": 3,
    "10": 6,
    "11": 7,
    "12": 2,
    "13": 4,
    "14": 3,
    "15": 7,
    "16": 3,
    "17": 4,
    "18": 4,
    "19": 3,
    "2": 1,
    "20": 1,
    "21": 1,
    "22": 0,
    "23": 0,
    "3": 0,
    "4": 3,
    "5": 1,
    "6": 3,
    "7": 5,
    "8": 9,
    "9": 7,
  },
  Object {
    "0": 0,
    "1": 0,
    "10": 3,
    "11": 10,
    "12": 6,
    "13": 6,
    "14": 3,
    "15": 2,
    "16": 6,
    "17": 2,
    "18": 3,
    "19": 1,
    "2": 2,
    "20": 1,
    "21": 4,
    "22": 3,
    "23": 1,
    "3": 2,
    "4": 3,
    "5": 3,
    "6": 5,
    "7": 0,
    "8": 7,
    "9": 4,
  },
  Object {
    "0": 1,
    "1": 3,
    "10": 9,
    "11": 7,
    "12": 2,
    "13": 0,
    "14": 5,
    "15": 4,
    "16": 4,
    "17": 4,
    "18": 2,
    "19": 2,
    "2": 1,
    "20": 3,
    "21": 0,
    "22": 1,
    "23": 2,
    "3": 2,
    "4": 0,
    "5": 1,
    "6": 5,
    "7": 1,
    "8": 2,
    "9": 4,
  },
  Object {
    "0": 3,
    "1": 0,
    "10": 8,
    "11": 3,
    "12": 4,
    "13": 4,
    "14": 4,
    "15": 4,
    "16": 3,
    "17": 2,
    "18": 3,
    "19": 3,
    "2": 1,
    "20": 2,
    "21": 2,
    "22": 1,
    "23": 0,
    "3": 2,
    "4": 4,
    "5": 2,
    "6": 1,
    "7": 1,
    "8": 4,
    "9": 3,
  },
]
`;
